** Drc report for Lab_1_Morris_Lin_ASIC_II.kicad_pcb **
** Created on 2026-09-28T07:39:29 **
** Report includes: Errors, Warnings, Exclusions **

** Found 28 DRC violations **
[silk_edge_clearance]: Silkscreen clipped by board edge
    Rule: board setup constraints silk; warning
    @(45.0000 mm, 40.0000 mm): Segment on Edge.Cuts
    @(92.7700 mm, 40.6050 mm): Reference field of J3
[silk_edge_clearance]: Silkscreen clipped by board edge
    Rule: board setup constraints silk; warning
    @(45.0000 mm, 40.0000 mm): Segment on Edge.Cuts
    @(96.3100 mm, 42.3300 mm): Segment of J3 on F.Silkscreen
[silk_edge_clearance]: Silkscreen clipped by board edge
    Rule: board setup constraints silk; warning
    @(45.0000 mm, 40.0000 mm): Segment on Edge.Cuts
    @(98.8500 mm, 42.3300 mm): Segment of J3 on F.Silkscreen
[silk_edge_clearance]: Silkscreen clipped by board edge
    Rule: board setup constraints silk; warning
    @(45.0000 mm, 40.0000 mm): Segment on Edge.Cuts
    @(101.3900 mm, 42.3300 mm): Segment of J3 on F.Silkscreen
[silk_edge_clearance]: Silkscreen clipped by board edge
    Rule: board setup constraints silk; warning
    @(45.0000 mm, 40.0000 mm): Segment on Edge.Cuts
    @(103.9300 mm, 42.3300 mm): Segment of J3 on F.Silkscreen
[silk_edge_clearance]: Silkscreen clipped by board edge
    Rule: board setup constraints silk; warning
    @(45.0000 mm, 40.0000 mm): Segment on Edge.Cuts
    @(106.4700 mm, 42.3300 mm): Segment of J3 on F.Silkscreen
[silk_edge_clearance]: Silkscreen clipped by board edge
    Rule: board setup constraints silk; warning
    @(45.0000 mm, 40.0000 mm): Segment on Edge.Cuts
    @(93.6600 mm, 42.3300 mm): Rectangle of J3 on F.Silkscreen
[silk_edge_clearance]: Silkscreen clipped by board edge
    Rule: board setup constraints silk; warning
    @(45.0000 mm, 40.0000 mm): Segment on Edge.Cuts
    @(69.9100 mm, 40.6050 mm): Reference field of J2
[silk_edge_clearance]: Silkscreen clipped by board edge
    Rule: board setup constraints silk; warning
    @(45.0000 mm, 40.0000 mm): Segment on Edge.Cuts
    @(73.4500 mm, 42.3300 mm): Segment of J2 on F.Silkscreen
[silk_edge_clearance]: Silkscreen clipped by board edge
    Rule: board setup constraints silk; warning
    @(45.0000 mm, 40.0000 mm): Segment on Edge.Cuts
    @(75.9900 mm, 42.3300 mm): Segment of J2 on F.Silkscreen
[silk_edge_clearance]: Silkscreen clipped by board edge
    Rule: board setup constraints silk; warning
    @(45.0000 mm, 40.0000 mm): Segment on Edge.Cuts
    @(78.5300 mm, 42.3300 mm): Segment of J2 on F.Silkscreen
[silk_edge_clearance]: Silkscreen clipped by board edge
    Rule: board setup constraints silk; warning
    @(45.0000 mm, 40.0000 mm): Segment on Edge.Cuts
    @(81.0700 mm, 42.3300 mm): Segment of J2 on F.Silkscreen
[silk_edge_clearance]: Silkscreen clipped by board edge
    Rule: board setup constraints silk; warning
    @(45.0000 mm, 40.0000 mm): Segment on Edge.Cuts
    @(83.6100 mm, 42.3300 mm): Segment of J2 on F.Silkscreen
[silk_edge_clearance]: Silkscreen clipped by board edge
    Rule: board setup constraints silk; warning
    @(45.0000 mm, 40.0000 mm): Segment on Edge.Cuts
    @(70.8000 mm, 42.3300 mm): Rectangle of J2 on F.Silkscreen
[lib_footprint_mismatch]: Footprint 'PinHeader_1x03_P2.54mm_Vertical' does not match copy in library 'Connector_PinHeader_2.54mm'
    Local override; warning
    @(129.0300 mm, 130.0400 mm): Footprint JP3
[starved_thermal]: Thermal relief connection to zone incomplete (layer F.Cu; zone min spoke count 2; actual 1)
    Local override; warning
    @(130.2184 mm, 112.7515 mm): Zone [VDDPST] on F.Cu, priority 7
    @(135.3458 mm, 110.1389 mm): Pad 1 [VDDPST] of U2 on F.Cu
[starved_thermal]: Thermal relief connection to zone incomplete (layer F.Cu; zone min spoke count 2; actual 1)
    Local override; warning
    @(130.2184 mm, 112.7515 mm): Zone [VDDPST] on F.Cu, priority 7
    @(135.3458 mm, 112.0389 mm): Pad 3 [VDDPST] of U2 on F.Cu
[starved_thermal]: Thermal relief connection to zone incomplete (layer B.Cu; zone min spoke count 2; actual 1)
    Local override; warning
    @(37.5000 mm, 37.5000 mm): Zone 'GND' [GND] on F.Cu, B.Cu and In2.Cu, priority 0
    @(74.7200 mm, 46.2600 mm): PTH pad 5 [GND] of J2
[starved_thermal]: Thermal relief connection to zone incomplete (layer B.Cu; 3 spokes connected to isolated island)
    Local override; warning
    @(37.5000 mm, 37.5000 mm): Zone 'GND' [GND] on F.Cu, B.Cu and In2.Cu, priority 0
    @(74.7200 mm, 43.7200 mm): PTH pad 11 [GND] of J2
[starved_thermal]: Thermal relief connection to zone incomplete (layer F.Cu; zone min spoke count 2; actual 1)
    Local override; warning
    @(37.5000 mm, 37.5000 mm): Zone 'GND' [GND] on F.Cu, B.Cu and In2.Cu, priority 0
    @(66.6500 mm, 98.3900 mm): PTH pad 5 [GND] of J8
[starved_thermal]: Thermal relief connection to zone incomplete (layer F.Cu; zone min spoke count 2; actual 1)
    Local override; warning
    @(37.5000 mm, 37.5000 mm): Zone 'GND' [GND] on F.Cu, B.Cu and In2.Cu, priority 0
    @(131.4484 mm, 108.5790 mm): Pad 2 [GND] of C2 on F.Cu
[silk_overlap]: Silkscreen clearance
    Rule: board setup constraints silk; warning
    @(124.0600 mm, 119.0600 mm): Segment of JP8 on F.Silkscreen
    @(125.3000 mm, 123.5000 mm): Reference field of TP1
[silk_overlap]: Silkscreen clearance (rule 'Pad to Silkscreen' clearance 0.1500 mm; actual 0.1400 mm)
    Rule: Pad to Silkscreen; warning
    @(136.0200 mm, 86.8300 mm): Circle of TP4 on F.Silkscreen
    @(136.0200 mm, 86.8300 mm): PTH pad 1 [GND] of TP4
[silk_overlap]: Silkscreen clearance (rule 'Pad to Silkscreen' clearance 0.1500 mm; actual 0.1400 mm)
    Rule: Pad to Silkscreen; warning
    @(126.0000 mm, 126.0000 mm): Circle of TP1 on F.Silkscreen
    @(126.0000 mm, 126.0000 mm): PTH pad 1 [VDD] of TP1
[silk_overlap]: Silkscreen clearance (rule 'Pad to Silkscreen' clearance 0.1500 mm; actual 0.1400 mm)
    Rule: Pad to Silkscreen; warning
    @(134.8300 mm, 127.9400 mm): Circle of TP5 on F.Silkscreen
    @(134.8300 mm, 127.9400 mm): PTH pad 1 [GND] of TP5
[silk_overlap]: Silkscreen clearance (rule 'Pad to Silkscreen' clearance 0.1500 mm; actual 0.1400 mm)
    Rule: Pad to Silkscreen; warning
    @(129.2300 mm, 86.8300 mm): Circle of TP3 on F.Silkscreen
    @(129.2300 mm, 86.8300 mm): PTH pad 1 [Net-(JP10-A)] of TP3
[silk_overlap]: Silkscreen clearance (rule 'Pad to Silkscreen' clearance 0.1500 mm; actual 0.1400 mm)
    Rule: Pad to Silkscreen; warning
    @(44.0593 mm, 90.2200 mm): Circle of TP2 on F.Silkscreen
    @(44.0593 mm, 90.2200 mm): PTH pad 1 [VDDPST] of TP2
[silk_overlap]: Silkscreen clearance (rule 'Pad to Silkscreen' clearance 0.1500 mm; actual 0.1400 mm)
    Rule: Pad to Silkscreen; warning
    @(44.0593 mm, 82.2950 mm): Circle of TP6 on F.Silkscreen
    @(44.0593 mm, 82.2950 mm): PTH pad 1 [GND] of TP6

** Found 1 unconnected pads **
[unconnected_items]: Missing connection between items
    Local override; error
    @(37.5000 mm, 37.5000 mm): Zone 'GND' [GND] on F.Cu, B.Cu and In2.Cu, priority 0
    @(37.5000 mm, 37.5000 mm): Zone 'GND' [GND] on F.Cu, B.Cu and In2.Cu, priority 0

** Found 0 Footprint errors **

** Ignored checks **
    - Footprint has no courtyard defined
    - Track endpoint not centered on via
    - Tuning profile track geometries
    - Footprint doesn't match symbol's footprint filters
    - Footprint component type doesn't match footprint pads

** End of Report **
