ERC report (2026-10-01T15:24:16, Encoding UTF8)
Report includes: Errors, Warnings, Exclusions

***** Sheet /
[power_pin_not_driven]: Input Power pin not driven by any Output Power pins
    ; error
    @(900 mils, 2750 mils): Symbol #PWR01 Pin 1 [Power input, Line]
[power_pin_not_driven]: Input Power pin not driven by any Output Power pins
    ; error
    @(950 mils, 6600 mils): Symbol #PWR03 Pin 1 [Power input, Line]
[power_pin_not_driven]: Input Power pin not driven by any Output Power pins
    ; error
    @(1050 mils, 9800 mils): Symbol #PWR05 Pin 1 [Power input, Line]
[power_pin_not_driven]: Input Power pin not driven by any Output Power pins
    ; error
    @(2400 mils, 2500 mils): Symbol #PWR016 Pin 1 [Power input, Line]
[power_pin_not_driven]: Input Power pin not driven by any Output Power pins
    ; error
    @(3400 mils, 4300 mils): Symbol #PWR019 Pin 1 [Power input, Line]
[power_pin_not_driven]: Input Power pin not driven by any Output Power pins
    ; error
    @(3900 mils, 4300 mils): Symbol #PWR025 Pin 1 [Power input, Line]
[power_pin_not_driven]: Input Power pin not driven by any Output Power pins
    ; error
    @(4400 mils, 4300 mils): Symbol #PWR029 Pin 1 [Power input, Line]
[power_pin_not_driven]: Input Power pin not driven by any Output Power pins
    ; error
    @(4900 mils, 4300 mils): Symbol #PWR036 Pin 1 [Power input, Line]

 ** ERC messages: 8  Errors 8  Warnings 0

 ** Ignored checks:
    - Four connection points are joined together
    - SPICE model issue
    - Assigned footprint doesn't match footprint filters
